###############################################################################
#                                                                             #
# IAR C/C++ Compiler V8.10.3.10338/W32 for 8051         17/Aug/2017  20:22:33 #
# Copyright 2004-2011 IAR Systems AB.                                         #
#                                                                             #
#    Core               =  plain                                              #
#    Code model         =  banked                                             #
#    Data model         =  large                                              #
#    Calling convention =  xdata reentrant                                    #
#    Constant location  =  data_rom                                           #
#    Dptr setup         =  1,16                                               #
#    Source file        =  C:\Users\Administrator\Desktop\Git-Local-Repositor #
#                          ies\vehicle_positioning_system\MainApp\Projects\zs #
#                          tack\Samples\SampleApp\Source\SampleApp.c          #
#    Command line       =  -f C:\Users\Administrator\Desktop\Git-Local-Reposi #
#                          tories\vehicle_positioning_system\MainApp\Projects #
#                          \zstack\Samples\SampleApp\CC2530DB\..\..\..\Tools\ #
#                          CC2530DB\f8wEndev.cfg (-DCPU32MHZ                  #
#                          -DROOT=__near_func) -f C:\Users\Administrator\Desk #
#                          top\Git-Local-Repositories\vehicle_positioning_sys #
#                          tem\MainApp\Projects\zstack\Samples\SampleApp\CC25 #
#                          30DB\..\..\..\Tools\CC2530DB\f8wConfig.cfg         #
#                          (-DSECURE=0 -DZG_SECURE_DYNAMIC=0 -DREFLECTOR      #
#                          -DDEFAULT_CHANLIST=0x00000800                      #
#                          -DZDAPP_CONFIG_PAN_ID=0xFFF1                       #
#                          -DNWK_START_DELAY=100 -DEXTENDED_JOINING_RANDOM_MA #
#                          SK=0x007F -DBEACON_REQUEST_DELAY=100               #
#                          -DBEACON_REQ_DELAY_MASK=0x00FF                     #
#                          -DROUTE_EXPIRY_TIME=30 -DAPSC_ACK_WAIT_DURATION_PO #
#                          LLED=3000 -DNWK_INDIRECT_MSG_TIMEOUT=7             #
#                          -DMAX_RREQ_ENTRIES=8 -DAPSC_MAX_FRAME_RETRIES=3    #
#                          -DNWK_MAX_DATA_RETRIES=2                           #
#                          -DMAX_POLL_FAILURE_RETRIES=2 -DMAX_BCAST=9         #
#                          -DAPS_MAX_GROUPS=16 -DMAX_RTG_ENTRIES=40           #
#                          -DNWK_MAX_BINDING_ENTRIES=4                        #
#                          -DMAX_BINDING_CLUSTER_IDS=4 "-DDEFAULT_KEY={0x01,  #
#                          0x03, 0x05, 0x07, 0x09, 0x0B, 0x0D, 0x0F, 0x00,    #
#                          0x02, 0x04, 0x06, 0x08, 0x0A, 0x0C, 0x0D}"         #
#                          -DMAC_MAX_FRAME_SIZE=116 "-DCONST=const __code"    #
#                          -DGENERIC=__generic -DRFD_RCVC_ALWAYS_ON=FALSE     #
#                          -DPOLL_RATE=1000 -DQUEUED_POLL_RATE=100            #
#                          -DRESPONSE_POLL_RATE=100 -DREJOIN_POLL_RATE=440    #
#                          -DHAL_UART=TRUE) -DHAL_DMA=TRUE                    #
#                          C:\Users\Administrator\Desktop\Git-Local-Repositor #
#                          ies\vehicle_positioning_system\MainApp\Projects\zs #
#                          tack\Samples\SampleApp\Source\SampleApp.c -D       #
#                          ZIGBEEPRO -D NWK_AUTO_POLL -D ZTOOL_P1 -D          #
#                          xMT_TASK -D xMT_SYS_FUNC -D xMT_ZDO_FUNC -D        #
#                          LCD_SUPPORTED=DEBUG -lC C:\Users\Administrator\Des #
#                          ktop\Git-Local-Repositories\vehicle_positioning_sy #
#                          stem\MainApp\Projects\zstack\Samples\SampleApp\CC2 #
#                          530DB\EndDeviceEB-Pro\List\ -lA                    #
#                          C:\Users\Administrator\Desktop\Git-Local-Repositor #
#                          ies\vehicle_positioning_system\MainApp\Projects\zs #
#                          tack\Samples\SampleApp\CC2530DB\EndDeviceEB-Pro\Li #
#                          st\ --diag_suppress Pe001,Pa010 -o                 #
#                          C:\Users\Administrator\Desktop\Git-Local-Repositor #
#                          ies\vehicle_positioning_system\MainApp\Projects\zs #
#                          tack\Samples\SampleApp\CC2530DB\EndDeviceEB-Pro\Ob #
#                          j\ -e --debug --core=plain --dptr=16,1             #
#                          --data_model=large --code_model=banked             #
#                          --calling_convention=xdata_reentrant               #
#                          --place_constants=data_rom --nr_virtual_regs 16    #
#                          -I C:\Users\Administrator\Desktop\Git-Local-Reposi #
#                          tories\vehicle_positioning_system\MainApp\Projects #
#                          \zstack\Samples\SampleApp\CC2530DB\ -I             #
#                          C:\Users\Administrator\Desktop\Git-Local-Repositor #
#                          ies\vehicle_positioning_system\MainApp\Projects\zs #
#                          tack\Samples\SampleApp\CC2530DB\..\SOURCE\ -I      #
#                          C:\Users\Administrator\Desktop\Git-Local-Repositor #
#                          ies\vehicle_positioning_system\MainApp\Projects\zs #
#                          tack\Samples\SampleApp\CC2530DB\..\..\..\ZMAIN\TI2 #
#                          530DB\ -I C:\Users\Administrator\Desktop\Git-Local #
#                          -Repositories\vehicle_positioning_system\MainApp\P #
#                          rojects\zstack\Samples\SampleApp\CC2530DB\..\..\.. #
#                          \..\..\COMPONENTS\MT\ -I                           #
#                          C:\Users\Administrator\Desktop\Git-Local-Repositor #
#                          ies\vehicle_positioning_system\MainApp\Projects\zs #
#                          tack\Samples\SampleApp\CC2530DB\..\..\..\..\..\COM #
#                          PONENTS\HAL\INCLUDE\ -I C:\Users\Administrator\Des #
#                          ktop\Git-Local-Repositories\vehicle_positioning_sy #
#                          stem\MainApp\Projects\zstack\Samples\SampleApp\CC2 #
#                          530DB\..\..\..\..\..\COMPONENTS\HAL\TARGET\CC2530E #
#                          B\ -I C:\Users\Administrator\Desktop\Git-Local-Rep #
#                          ositories\vehicle_positioning_system\MainApp\Proje #
#                          cts\zstack\Samples\SampleApp\CC2530DB\..\..\..\..\ #
#                          ..\COMPONENTS\OSAL\MCU\CCSOC\ -I                   #
#                          C:\Users\Administrator\Desktop\Git-Local-Repositor #
#                          ies\vehicle_positioning_system\MainApp\Projects\zs #
#                          tack\Samples\SampleApp\CC2530DB\..\..\..\..\..\COM #
#                          PONENTS\OSAL\INCLUDE\ -I                           #
#                          C:\Users\Administrator\Desktop\Git-Local-Repositor #
#                          ies\vehicle_positioning_system\MainApp\Projects\zs #
#                          tack\Samples\SampleApp\CC2530DB\..\..\..\..\..\COM #
#                          PONENTS\STACK\AF\ -I C:\Users\Administrator\Deskto #
#                          p\Git-Local-Repositories\vehicle_positioning_syste #
#                          m\MainApp\Projects\zstack\Samples\SampleApp\CC2530 #
#                          DB\..\..\..\..\..\COMPONENTS\STACK\NWK\ -I         #
#                          C:\Users\Administrator\Desktop\Git-Local-Repositor #
#                          ies\vehicle_positioning_system\MainApp\Projects\zs #
#                          tack\Samples\SampleApp\CC2530DB\..\..\..\..\..\COM #
#                          PONENTS\STACK\SEC\ -I C:\Users\Administrator\Deskt #
#                          op\Git-Local-Repositories\vehicle_positioning_syst #
#                          em\MainApp\Projects\zstack\Samples\SampleApp\CC253 #
#                          0DB\..\..\..\..\..\COMPONENTS\STACK\SAPI\ -I       #
#                          C:\Users\Administrator\Desktop\Git-Local-Repositor #
#                          ies\vehicle_positioning_system\MainApp\Projects\zs #
#                          tack\Samples\SampleApp\CC2530DB\..\..\..\..\..\COM #
#                          PONENTS\STACK\SYS\ -I C:\Users\Administrator\Deskt #
#                          op\Git-Local-Repositories\vehicle_positioning_syst #
#                          em\MainApp\Projects\zstack\Samples\SampleApp\CC253 #
#                          0DB\..\..\..\..\..\COMPONENTS\STACK\ZDO\ -I        #
#                          C:\Users\Administrator\Desktop\Git-Local-Repositor #
#                          ies\vehicle_positioning_system\MainApp\Projects\zs #
#                          tack\Samples\SampleApp\CC2530DB\..\..\..\..\..\COM #
#                          PONENTS\ZMAC\F8W\ -I C:\Users\Administrator\Deskto #
#                          p\Git-Local-Repositories\vehicle_positioning_syste #
#                          m\MainApp\Projects\zstack\Samples\SampleApp\CC2530 #
#                          DB\..\..\..\..\..\COMPONENTS\ZMAC\ -I              #
#                          C:\Users\Administrator\Desktop\Git-Local-Repositor #
#                          ies\vehicle_positioning_system\MainApp\Projects\zs #
#                          tack\Samples\SampleApp\CC2530DB\..\..\..\..\..\COM #
#                          PONENTS\SERVICES\SADDR\ -I                         #
#                          C:\Users\Administrator\Desktop\Git-Local-Repositor #
#                          ies\vehicle_positioning_system\MainApp\Projects\zs #
#                          tack\Samples\SampleApp\CC2530DB\..\..\..\..\..\COM #
#                          PONENTS\SERVICES\SDATA\ -I                         #
#                          C:\Users\Administrator\Desktop\Git-Local-Repositor #
#                          ies\vehicle_positioning_system\MainApp\Projects\zs #
#                          tack\Samples\SampleApp\CC2530DB\..\..\..\..\..\COM #
#                          PONENTS\MAC\INCLUDE\ -I C:\Users\Administrator\Des #
#                          ktop\Git-Local-Repositories\vehicle_positioning_sy #
#                          stem\MainApp\Projects\zstack\Samples\SampleApp\CC2 #
#                          530DB\..\..\..\..\..\COMPONENTS\MAC\HIGH_LEVEL\    #
#                          -I C:\Users\Administrator\Desktop\Git-Local-Reposi #
#                          tories\vehicle_positioning_system\MainApp\Projects #
#                          \zstack\Samples\SampleApp\CC2530DB\..\..\..\..\..\ #
#                          COMPONENTS\MAC\LOW_LEVEL\srf04\ -I                 #
#                          C:\Users\Administrator\Desktop\Git-Local-Repositor #
#                          ies\vehicle_positioning_system\MainApp\Projects\zs #
#                          tack\Samples\SampleApp\CC2530DB\..\..\..\..\..\COM #
#                          PONENTS\MAC\LOW_LEVEL\srf04\SINGLE_CHIP\ -Ohz      #
#                          --require_prototypes                               #
#    List file          =  C:\Users\Administrator\Desktop\Git-Local-Repositor #
#                          ies\vehicle_positioning_system\MainApp\Projects\zs #
#                          tack\Samples\SampleApp\CC2530DB\EndDeviceEB-Pro\Li #
#                          st\SampleApp.lst                                   #
#    Object file        =  C:\Users\Administrator\Desktop\Git-Local-Repositor #
#                          ies\vehicle_positioning_system\MainApp\Projects\zs #
#                          tack\Samples\SampleApp\CC2530DB\EndDeviceEB-Pro\Ob #
#                          j\SampleApp.r51                                    #
#                                                                             #
#                                                                             #
###############################################################################

C:\Users\Administrator\Desktop\Git-Local-Repositories\vehicle_positioning_system\MainApp\Projects\zstack\Samples\SampleApp\Source\SampleApp.c
      1          /*********************************************************************
      2           * INCLUDES
      3           */
      4          #include "OSAL.h"
      5          #include "ZGlobals.h"
      6          #include "AF.h"
      7          #include "aps_groups.h"
      8          #include "ZDApp.h"
      9          
     10          #include "OnBoard.h"
     11          
     12          #include "SampleApp.h"
     13          #include "GPS_Data_Process.h"

   \                                 In  segment XDATA_I, align 1, keep-with-next
   \   unsigned char *__xdata GeoInfoName[7]
   \                     GeoInfoName:
   \   000000                DS 14
   \   00000E                REQUIRE `?<Initializer for GeoInfoName>`
   \   00000E                REQUIRE __INIT_XDATA_I

   \                                 In  segment XDATA_ROM_C, align 1
   \   unsigned short const __xdata_rom geoInfoLen[8]
   \                     geoInfoLen:
   \   000000   0000         DW 0
   \   000002   0900         DW 9
   \   000004   1300         DW 19
   \   000006   1400         DW 20
   \   000008   1F00         DW 31
   \   00000A   2000         DW 32
   \   00000C   2100         DW 33
   \   00000E   2300         DW 35
     14          
     15          
     16          /* HAL */
     17          
     18          
     19          /*********************************************************************
     20           * MACROS
     21           */
     22          
     23          /*********************************************************************
     24           * CONSTANTS
     25           */
     26          
     27          
     28          /*********************************************************************
     29           * GLOBAL VARIABLES
     30           */
     31          
     32          // 任务蔟号, 注册某一任务的某一功能

   \                                 In  segment XDATA_ROM_C, align 1
     33          const cId_t SampleApp_ClusterList[SAMPLEAPP_MAX_CLUSTERS] =
   \                     SampleApp_ClusterList:
   \   000000   0100         DW 1
     34          {
     35              SAMPLEAPP_PERIODIC_CLUSTERID,
     36          };
     37          
     38          //设备的简单描述符

   \                                 In  segment XDATA_ROM_C, align 1
     39          const SimpleDescriptionFormat_t SampleApp_SimpleDesc =
   \                     SampleApp_SimpleDesc:
   \   000000   14           DB 20
   \   000001   080F         DW 3848
   \   000003   0100         DW 1
   \   000005   00           DB 0
   \   000006   01           DB 1
   \   000007   ....         DW SampleApp_ClusterList
   \   000009   01           DB 1
   \   00000A   ....         DW SampleApp_ClusterList
     40          {
     41              SAMPLEAPP_ENDPOINT,              //  int Endpoint;
     42              SAMPLEAPP_PROFID,                //  uint16 AppProfId[2];
     43              SAMPLEAPP_DEVICEID,              //  uint16 AppDeviceId[2];
     44              SAMPLEAPP_DEVICE_VERSION,        //  int   AppDevVer:4;
     45              SAMPLEAPP_FLAGS,                 //  int   AppFlags:4;
     46              SAMPLEAPP_MAX_CLUSTERS,          //  uint8  AppNumInClusters;
     47              (cId_t *)SampleApp_ClusterList,  //  uint8 *pAppInClusterList;
     48              SAMPLEAPP_MAX_CLUSTERS,          //  uint8  AppNumInClusters;
     49              (cId_t *)SampleApp_ClusterList   //  uint8 *pAppInClusterList;
     50          };
     51          

   \                                 In  segment XDATA_Z, align 1, keep-with-next
     52          endPointDesc_t SampleApp_epDesc;
   \                     SampleApp_epDesc:
   \   000000                DS 6
   \   000006                REQUIRE __INIT_XDATA_Z
     53          
     54          /*********************************************************************
     55           * LOCAL VARIABLES
     56           */

   \                                 In  segment XDATA_Z, align 1, keep-with-next
     57          uint8 SampleApp_TaskID;   // 任务号, 任务号越小优先级越高, 在SampleApp_Init()被调用时初始化
   \                     SampleApp_TaskID:
   \   000000                DS 1
   \   000001                REQUIRE __INIT_XDATA_Z

   \                                 In  segment XDATA_Z, align 1, keep-with-next
     58          devStates_t SampleApp_NwkState;
   \                     SampleApp_NwkState:
   \   000000                DS 1
   \   000001                REQUIRE __INIT_XDATA_Z
     59          

   \                                 In  segment XDATA_Z, align 1, keep-with-next
     60          uint8 SampleApp_TransID;  // 消息标识码
   \                     SampleApp_TransID:
   \   000000                DS 1
   \   000001                REQUIRE __INIT_XDATA_Z
     61          

   \                                 In  segment XDATA_Z, align 1, keep-with-next
     62          afAddrType_t SampleApp_Periodic_DstAddr;
   \                     SampleApp_Periodic_DstAddr:
   \   000000                DS 12
   \   00000C                REQUIRE __INIT_XDATA_Z
     63          

   \                                 In  segment XDATA_Z, align 1, keep-with-next
     64          uint8 SampleAppPeriodicCounter = 0;
   \                     SampleAppPeriodicCounter:
   \   000000                DS 1
   \   000001                REQUIRE __INIT_XDATA_Z
     65          

   \                                 In  segment XDATA_Z, align 1, keep-with-next
     66          GeoBuf geoBuf;
   \                     geoBuf:
   \   000000                DS 14
   \   00000E                REQUIRE __INIT_XDATA_Z

   \                                 In  segment XDATA_Z, align 1, keep-with-next
     67          GeoInfo geoInfo;
   \                     geoInfo:
   \   000000                DS 35
   \   000023                REQUIRE __INIT_XDATA_Z
     68          //uint8 geoInfoData[GEO_INFO_NUM][20];
     69          /*********************************************************************
     70           * LOCAL FUNCTIONS
     71           */
     72          void SampleApp_MessageMSGCB( afIncomingMSGPacket_t *pckt );
     73          void SampleApp_SendPeriodicMessage( uint8 *data, uint16 len );
     74          
     75          void initUart(int port, void (*callBack)(uint8, uint8));
     76          void initGeoBuf(void);
     77          
     78          void recGPSData(uint8 port, uint8 event);
     79          //void fetchGPSInfo(void);
     80          
     81          /*********************************************************************
     82           * NETWORK LAYER CALLBACKS
     83           */
     84          
     85          /*********************************************************************
     86           * 初始化函数
     87           */
     88          //串口初始化(DMA传送模式和ISR模式)

   \                                 In  segment BANKED_CODE, align 1, keep-with-next
     89          void initUart(int port, void (*callBack)(uint8, uint8))
   \                     initUart:
     90          {
   \   000000   C082         PUSH    DPL
   \   000002   C083         PUSH    DPH
   \   000004                ; Saved register size: 2
   \   000004                ; Auto size: 29
   \   000004   74E3         MOV     A,#-0x1d
   \   000006   12....       LCALL   ?ALLOC_XSTACK8
   \   000009   EA           MOV     A,R2
   \   00000A   F8           MOV     R0,A
     91              //UART设置
     92              halUARTCfg_t uartConfig;
     93              uartConfig.configured           = TRUE;             //设置有效标志
   \   00000B   85..82       MOV     DPL,?XSP + 0
   \   00000E   85..83       MOV     DPH,?XSP + 1
   \   000011   7401         MOV     A,#0x1
   \   000013   F0           MOVX    @DPTR,A
     94              uartConfig.baudRate             = HAL_UART_BR_9600;//波特率设置
   \   000014   12....       LCALL   ?XSTACK_DISP0_8
   \   000017   E4           CLR     A
   \   000018   F0           MOVX    @DPTR,A
     95              uartConfig.flowControl          = FALSE;           //关闭流控制(流控制需要四线传输,加上CTS,RTS)
   \   000019   7402         MOV     A,#0x2
   \   00001B   12....       LCALL   ?XSTACK_DISP0_8
   \   00001E   E4           CLR     A
   \   00001F   F0           MOVX    @DPTR,A
     96              uartConfig.rx.maxBufSize        = 512;            //rx缓冲区的长度
   \   000020   740A         MOV     A,#0xa
   \   000022   12....       LCALL   ?XSTACK_DISP0_8
   \   000025   E4           CLR     A
   \   000026   F0           MOVX    @DPTR,A
   \   000027   A3           INC     DPTR
   \   000028   7402         MOV     A,#0x2
   \   00002A   F0           MOVX    @DPTR,A
     97              uartConfig.tx.maxBufSize        = 512;            //tx缓冲区的长度
   \   00002B   7412         MOV     A,#0x12
   \   00002D   12....       LCALL   ?XSTACK_DISP0_8
   \   000030   E4           CLR     A
   \   000031   F0           MOVX    @DPTR,A
   \   000032   A3           INC     DPTR
   \   000033   7402         MOV     A,#0x2
   \   000035   F0           MOVX    @DPTR,A
     98              uartConfig.idleTimeout          = 6;              //RX为空的允许时间
   \   000036   7405         MOV     A,#0x5
   \   000038   12....       LCALL   ?XSTACK_DISP0_8
   \   00003B   7406         MOV     A,#0x6
   \   00003D   F0           MOVX    @DPTR,A
     99              uartConfig.intEnable            = TRUE;           //中断允许
   \   00003E   7416         MOV     A,#0x16
   \   000040   12....       LCALL   ?XSTACK_DISP0_8
   \   000043   7401         MOV     A,#0x1
   \   000045   F0           MOVX    @DPTR,A
    100              uartConfig.callBackFunc         = callBack;     //当出现回调事件时的回调函数
   \   000046   741B         MOV     A,#0x1b
   \   000048   12....       LCALL   ?XSTACK_DISP0_8
   \   00004B   EC           MOV     A,R4
   \   00004C   F0           MOVX    @DPTR,A
   \   00004D   A3           INC     DPTR
   \   00004E   ED           MOV     A,R5
   \   00004F   F0           MOVX    @DPTR,A
    101                                                                //回调事件列表:
    102                                                                //HAL_UART_RX_FULL        RX满
    103                                                                //HAL_UART_RX_ABOUT_FULL  RX超过流量控制阀值
    104                                                                //HAL_UART_RX_TIMEOUT     RX为空的时间超过限制
    105                                                                //HAL_UART_TX_FULL        TX满
    106              
    107              HalUARTOpen (port, &uartConfig);
   \   000050                ; Setup parameters for call to function HalUARTOpen
   \   000050   85..82       MOV     DPL,?XSP + 0
   \   000053   85..83       MOV     DPH,?XSP + 1
   \   000056   AA82         MOV     R2,DPL
   \   000058   AB83         MOV     R3,DPH
   \   00005A   E8           MOV     A,R0
   \   00005B   F9           MOV     R1,A
   \   00005C   12....       LCALL   ??HalUARTOpen?relay
    108              HalUARTWrite(0,"Link Start!\n", sizeof("Link Start!\n")-1);//连接上位机成功提示信息
   \   00005F                ; Setup parameters for call to function HalUARTWrite
   \   00005F   7C0C         MOV     R4,#0xc
   \   000061   7D00         MOV     R5,#0x0
   \   000063   7A..         MOV     R2,#`?<Constant "Link Start!\\n">` & 0xff
   \   000065   7B..         MOV     R3,#(`?<Constant "Link Start!\\n">` >> 8) & 0xff
   \   000067   7900         MOV     R1,#0x0
   \   000069   12....       LCALL   ??HalUARTWrite?relay
    109          }
   \   00006C   741D         MOV     A,#0x1d
   \   00006E   12....       LCALL   ?DEALLOC_XSTACK8
   \   000071                REQUIRE ?Subroutine0
   \   000071                ; // Fall through to label ?Subroutine0

   \                                 In  segment BANKED_CODE, align 1, keep-with-next
   \                     ?Subroutine0:
   \   000000   D083         POP     DPH
   \   000002   D082         POP     DPL
   \   000004   02....       LJMP    ?BRET
    110          
    111          //GPS缓冲池初始化

   \                                 In  segment BANKED_CODE, align 1, keep-with-next
    112          void initGeoBuf(void)
   \                     initGeoBuf:
    113          {
   \   000000   C082         PUSH    DPL
   \   000002   C083         PUSH    DPH
   \   000004                ; Saved register size: 2
   \   000004                ; Auto size: 0
    114              geoBuf.head = (DataFrame*)osal_mem_alloc(sizeof(DataFrame));
   \   000004                ; Setup parameters for call to function osal_mem_alloc
   \   000004   7A54         MOV     R2,#0x54
   \   000006   7B00         MOV     R3,#0x0
   \   000008   12....       LCALL   ??osal_mem_alloc?relay
   \   00000B   90....       MOV     DPTR,#geoBuf + 2
   \   00000E   12....       LCALL   ?Subroutine4 & 0xFFFF
    115              osal_memset(geoBuf.head, 0, sizeof(DataFrame));
    116              geoBuf.send = geoBuf.rec = geoBuf.head;
   \                     ??CrossCallReturnLabel_4:
   \   000011   90....       MOV     DPTR,#geoBuf + 2
   \   000014   12....       LCALL   ?Subroutine8 & 0xFFFF
   \                     ??CrossCallReturnLabel_10:
   \   000017   90....       MOV     DPTR,#geoBuf + 6
   \   00001A   12....       LCALL   ??Subroutine13_0 & 0xFFFF
   \                     ??CrossCallReturnLabel_25:
   \   00001D   12....       LCALL   ?Subroutine5 & 0xFFFF
    117              geoBuf.checkByte = geoBuf.AIM = "$GPGGA";               //目标提取信息前缀为$GPGGA
   \                     ??CrossCallReturnLabel_29:
   \   000020   78..         MOV     R0,#`?<Constant "$GPGGA">` & 0xff
   \   000022   79..         MOV     R1,#(`?<Constant "$GPGGA">` >> 8) & 0xff
   \   000024   90....       MOV     DPTR,#geoBuf + 8
   \   000027   12....       LCALL   ??Subroutine13_0 & 0xFFFF
   \                     ??CrossCallReturnLabel_26:
   \   00002A   A3           INC     DPTR
   \   00002B   12....       LCALL   ??Subroutine13_0 & 0xFFFF
    118          }
   \                     ??CrossCallReturnLabel_27:
   \   00002E   80..         SJMP    ?Subroutine0

   \                                 In  segment BANKED_CODE, align 1, keep-with-next
   \                     ?Subroutine8:
   \   000000   E0           MOVX    A,@DPTR
   \   000001   F8           MOV     R0,A
   \   000002   A3           INC     DPTR
   \   000003   E0           MOVX    A,@DPTR
   \   000004   F9           MOV     R1,A
   \   000005   22           RET

   \                                 In  segment BANKED_CODE, align 1, keep-with-next
   \                     ?Subroutine4:
   \   000000   EA           MOV     A,R2
   \   000001   F0           MOVX    @DPTR,A
   \   000002   A3           INC     DPTR
   \   000003   EB           MOV     A,R3
   \   000004   F0           MOVX    @DPTR,A
   \   000005                ; Setup parameters for call to function osal_memset
   \   000005                ; Setup parameters for call to function osal_memset
   \   000005   7C54         MOV     R4,#0x54
   \   000007   7D00         MOV     R5,#0x0
   \   000009   7900         MOV     R1,#0x0
   \   00000B   12....       LCALL   ??osal_memset?relay
   \   00000E   22           RET

   \                                 In  segment BANKED_CODE, align 1, keep-with-next
   \                     ?Subroutine5:
   \   000000   90....       MOV     DPTR,#geoBuf + 4
   \   000003                REQUIRE ??Subroutine13_0
   \   000003                ; // Fall through to label ??Subroutine13_0

   \                                 In  segment BANKED_CODE, align 1, keep-with-next
   \                     ??Subroutine13_0:
   \   000000   E8           MOV     A,R0
   \   000001   F0           MOVX    @DPTR,A
   \   000002   A3           INC     DPTR
   \   000003   E9           MOV     A,R1
   \   000004   F0           MOVX    @DPTR,A
   \   000005   22           RET
    119          
    120          
    121          /*********************************************************************
    122           * 数据处理函数
    123           */
    124          //回调函数, 当RX缓冲区满后会调用, 将目标GPS数据粗提取并存入缓冲池中, 留待处理

   \                                 In  segment BANKED_CODE, align 1, keep-with-next
    125          void recGPSData(uint8 port, uint8 event)
   \                     recGPSData:
    126          {
   \   000000   74F6         MOV     A,#-0xa
   \   000002   12....       LCALL   ?BANKED_ENTER_XDATA
   \   000005                ; Saved register size: 10
   \   000005                ; Auto size: 1
   \   000005   74FF         MOV     A,#-0x1
   \   000007   12....       LCALL   ?ALLOC_XSTACK8
   \   00000A   E9           MOV     A,R1
   \   00000B   FE           MOV     R6,A
   \   00000C   8025         SJMP    ??recGPSData_0
    127              uint8  ch;
    128          
    129              while (Hal_UART_RxBufLen(port))
    130              {
    131                  HalUARTRead (port, &ch, 1);
    132                  
    133                  if(geoBuf.mode == 0)
    134                  {
    135                      if(ch == *geoBuf.checkByte)
    136                      {
    137                          geoBuf.checkByte++;
    138                      }
    139                      else
    140                      {
    141                          geoBuf.checkByte = geoBuf.AIM;
   \                     ??recGPSData_1:
   \   00000E   90....       MOV     DPTR,#geoBuf + 10
   \   000011   E8           MOV     A,R0
   \   000012   F0           MOVX    @DPTR,A
   \   000013   A3           INC     DPTR
   \   000014   E9           MOV     A,R1
   \                     ??recGPSData_2:
   \   000015   F0           MOVX    @DPTR,A
    142                      }
    143                      
    144                      if(geoBuf.checkByte == geoBuf.AIM + 6)
   \   000016   90....       MOV     DPTR,#geoBuf + 10
   \   000019   E8           MOV     A,R0
   \   00001A   2406         ADD     A,#0x6
   \   00001C   F8           MOV     R0,A
   \   00001D   E9           MOV     A,R1
   \   00001E   3400         ADDC    A,#0x0
   \   000020   F9           MOV     R1,A
   \   000021   E0           MOVX    A,@DPTR
   \   000022   68           XRL     A,R0
   \   000023   7003         JNZ     ??recGPSData_3
   \   000025   A3           INC     DPTR
   \   000026   E0           MOVX    A,@DPTR
   \   000027   69           XRL     A,R1
   \                     ??recGPSData_3:
   \   000028   7009         JNZ     ??recGPSData_0
    145                      {
    146                          geoBuf.mode = 1;
   \   00002A   90....       MOV     DPTR,#geoBuf + 12
   \   00002D   7401         MOV     A,#0x1
   \   00002F   F0           MOVX    @DPTR,A
   \   000030   A3           INC     DPTR
   \   000031   E4           CLR     A
   \                     ??recGPSData_4:
   \   000032   F0           MOVX    @DPTR,A
    147                      }
   \                     ??recGPSData_0:
   \   000033                ; Setup parameters for call to function Hal_UART_RxBufLen
   \   000033   EE           MOV     A,R6
   \   000034   F9           MOV     R1,A
   \   000035   12....       LCALL   ??Hal_UART_RxBufLen?relay
   \   000038   8B..         MOV     ?V0 + 1,R3
   \   00003A   EA           MOV     A,R2
   \   00003B   45..         ORL     A,?V0 + 1
   \   00003D   7003         JNZ     $+5
   \   00003F   02....       LJMP    ??recGPSData_5 & 0xFFFF
   \   000042                ; Setup parameters for call to function HalUARTRead
   \   000042   7C01         MOV     R4,#0x1
   \   000044   7D00         MOV     R5,#0x0
   \   000046   85..82       MOV     DPL,?XSP + 0
   \   000049   85..83       MOV     DPH,?XSP + 1
   \   00004C   AA82         MOV     R2,DPL
   \   00004E   AB83         MOV     R3,DPH
   \   000050   EE           MOV     A,R6
   \   000051   F9           MOV     R1,A
   \   000052   12....       LCALL   ??HalUARTRead?relay
   \   000055   90....       MOV     DPTR,#geoBuf + 12
   \   000058   12....       LCALL   ?Subroutine8 & 0xFFFF
   \                     ??CrossCallReturnLabel_11:
   \   00005B   E8           MOV     A,R0
   \   00005C   49           ORL     A,R1
   \   00005D   7028         JNZ     ??recGPSData_6
   \   00005F   90....       MOV     DPTR,#geoBuf + 8
   \   000062   12....       LCALL   ?Subroutine8 & 0xFFFF
   \                     ??CrossCallReturnLabel_12:
   \   000065   A3           INC     DPTR
   \   000066   12....       LCALL   ?Subroutine9 & 0xFFFF
   \                     ??CrossCallReturnLabel_15:
   \   000069   85..82       MOV     DPL,?XSP + 0
   \   00006C   85..83       MOV     DPH,?XSP + 1
   \   00006F   E0           MOVX    A,@DPTR
   \   000070   FC           MOV     R4,A
   \   000071   8A82         MOV     DPL,R2
   \   000073   8B83         MOV     DPH,R3
   \   000075   E0           MOVX    A,@DPTR
   \   000076   6C           XRL     A,R4
   \   000077   7095         JNZ     ??recGPSData_1
   \   000079   A3           INC     DPTR
   \   00007A   AA82         MOV     R2,DPL
   \   00007C   AB83         MOV     R3,DPH
   \   00007E   90....       MOV     DPTR,#geoBuf + 10
   \   000081   EA           MOV     A,R2
   \   000082   F0           MOVX    @DPTR,A
   \   000083   A3           INC     DPTR
   \   000084   EB           MOV     A,R3
   \   000085   808E         SJMP    ??recGPSData_2
    148                  }
    149                  else
    150                  {
    151                      if(ch == '$')
   \                     ??recGPSData_6:
   \   000087   90....       MOV     DPTR,#geoBuf + 6
   \   00008A   12....       LCALL   ?Subroutine8 & 0xFFFF
   \                     ??CrossCallReturnLabel_13:
   \   00008D   85..82       MOV     DPL,?XSP + 0
   \   000090   85..83       MOV     DPH,?XSP + 1
   \   000093   E0           MOVX    A,@DPTR
   \   000094   6424         XRL     A,#0x24
   \   000096   705E         JNZ     ??recGPSData_7
    152                      {
    153                          if(geoBuf.rec->len >= 64)           //通过两个$符号之间的数据长度确定数据的有效性
   \   000098   8882         MOV     DPL,R0
   \   00009A   8983         MOV     DPH,R1
   \   00009C   C3           CLR     C
   \   00009D   E0           MOVX    A,@DPTR
   \   00009E   9440         SUBB    A,#0x40
   \   0000A0   A3           INC     DPTR
   \   0000A1   E0           MOVX    A,@DPTR
   \   0000A2   9400         SUBB    A,#0x0
   \   0000A4   403A         JC      ??recGPSData_8
    154                          {
    155                              geoBuf.rec->next = (DataFrame*)osal_mem_alloc(sizeof(DataFrame));
   \   0000A6                ; Setup parameters for call to function osal_mem_alloc
   \   0000A6   7A54         MOV     R2,#0x54
   \   0000A8   7B00         MOV     R3,#0x0
   \   0000AA   12....       LCALL   ??osal_mem_alloc?relay
   \   0000AD   8A..         MOV     ?V0 + 0,R2
   \   0000AF   8B..         MOV     ?V0 + 1,R3
   \   0000B1   90....       MOV     DPTR,#geoBuf + 6
   \   0000B4   E0           MOVX    A,@DPTR
   \   0000B5   2452         ADD     A,#0x52
   \   0000B7   FA           MOV     R2,A
   \   0000B8   A3           INC     DPTR
   \   0000B9   E0           MOVX    A,@DPTR
   \   0000BA   3400         ADDC    A,#0x0
   \   0000BC   FB           MOV     R3,A
   \   0000BD   8A82         MOV     DPL,R2
   \   0000BF   8B83         MOV     DPH,R3
   \   0000C1   E5..         MOV     A,?V0 + 0
   \   0000C3   F0           MOVX    @DPTR,A
   \   0000C4   A3           INC     DPTR
   \   0000C5   E5..         MOV     A,?V0 + 1
   \   0000C7   F0           MOVX    @DPTR,A
    156                              geoBuf.rec = geoBuf.rec->next;
   \   0000C8   90....       MOV     DPTR,#geoBuf + 6
   \   0000CB   12....       LCALL   ?Subroutine7 & 0xFFFF
   \                     ??CrossCallReturnLabel_8:
   \   0000CE   FA           MOV     R2,A
   \   0000CF   A3           INC     DPTR
   \   0000D0   E0           MOVX    A,@DPTR
   \   0000D1   FB           MOV     R3,A
   \   0000D2   90....       MOV     DPTR,#geoBuf + 6
   \   0000D5   12....       LCALL   ?Subroutine4 & 0xFFFF
    157                              osal_memset(geoBuf.rec, 0, sizeof(DataFrame));
    158                              geoBuf.num++;
   \                     ??CrossCallReturnLabel_5:
   \   0000D8   90....       MOV     DPTR,#geoBuf
   \   0000DB   12....       LCALL   ?Subroutine10 & 0xFFFF
    159                          }
   \                     ??CrossCallReturnLabel_19:
   \   0000DE   800C         SJMP    ??recGPSData_9
    160                          else
    161                          {
    162                              //SampleApp_SendPeriodicMessage("Connect Fail! ---- ", 19);          //无效GPS数据
    163                              SampleApp_SendPeriodicMessage(geoBuf.rec->data, geoBuf.rec->len);
   \                     ??recGPSData_8:
   \   0000E0                ; Setup parameters for call to function SampleApp_SendPeriodicMessage
   \   0000E0   12....       LCALL   ?Subroutine12 & 0xFFFF
   \                     ??CrossCallReturnLabel_23:
   \   0000E3   12....       LCALL   ??SampleApp_SendPeriodicMessage?relay
    164                              geoBuf.rec->len = 0;
   \   0000E6   12....       LCALL   ?Subroutine11 & 0xFFFF
    165                          }
   \                     ??CrossCallReturnLabel_21:
   \   0000E9   E4           CLR     A
   \   0000EA   F0           MOVX    @DPTR,A
   \   0000EB   A3           INC     DPTR
   \                     ??recGPSData_9:
   \   0000EC   F0           MOVX    @DPTR,A
    166                          
    167                          geoBuf.mode = 0;
   \   0000ED   90....       MOV     DPTR,#geoBuf + 12
   \   0000F0   E4           CLR     A
   \   0000F1   F0           MOVX    @DPTR,A
   \   0000F2   A3           INC     DPTR
   \   0000F3   02....       LJMP    ??recGPSData_4 & 0xFFFF
    168                      }
    169                      else
    170                      {
    171                          geoBuf.rec->data[geoBuf.rec->len++] = ch;        
   \                     ??recGPSData_7:
   \   0000F6   E0           MOVX    A,@DPTR
   \   0000F7   C0E0         PUSH    A
   \   0000F9   8882         MOV     DPL,R0
   \   0000FB   8983         MOV     DPH,R1
   \   0000FD   12....       LCALL   ?Subroutine9 & 0xFFFF
    172                      }
    173                  }  
    174              }
   \                     ??CrossCallReturnLabel_16:
   \   000100   E8           MOV     A,R0
   \   000101   2A           ADD     A,R2
   \   000102   F582         MOV     DPL,A
   \   000104   E9           MOV     A,R1
   \   000105   3B           ADDC    A,R3
   \   000106   F583         MOV     DPH,A
   \   000108   A3           INC     DPTR
   \   000109   A3           INC     DPTR
   \   00010A   D0E0         POP     A
   \   00010C   F0           MOVX    @DPTR,A
   \   00010D   12....       LCALL   ?Subroutine11 & 0xFFFF
   \                     ??CrossCallReturnLabel_22:
   \   000110   12....       LCALL   ?Subroutine10 & 0xFFFF
   \                     ??CrossCallReturnLabel_20:
   \   000113   02....       LJMP    ??recGPSData_4 & 0xFFFF
    175          } 
   \                     ??recGPSData_5:
   \   000116   7401         MOV     A,#0x1
   \   000118                REQUIRE ?Subroutine1
   \   000118                ; // Fall through to label ?Subroutine1

   \                                 In  segment BANKED_CODE, align 1, keep-with-next
   \                     ?Subroutine1:
   \   000000   12....       LCALL   ?DEALLOC_XSTACK8
   \   000003   7F02         MOV     R7,#0x2
   \   000005   02....       LJMP    ?BANKED_LEAVE_XDATA

   \                                 In  segment BANKED_CODE, align 1, keep-with-next
   \                     ?Subroutine11:
   \   000000   90....       MOV     DPTR,#geoBuf + 6
   \   000003   E0           MOVX    A,@DPTR
   \   000004   F8           MOV     R0,A
   \   000005   A3           INC     DPTR
   \   000006   E0           MOVX    A,@DPTR
   \   000007   F583         MOV     DPH,A
   \   000009   8882         MOV     DPL,R0
   \   00000B   22           RET

   \                                 In  segment BANKED_CODE, align 1, keep-with-next
   \                     ?Subroutine10:
   \   000000   E0           MOVX    A,@DPTR
   \   000001   2401         ADD     A,#0x1
   \   000003   F0           MOVX    @DPTR,A
   \   000004   A3           INC     DPTR
   \   000005   E0           MOVX    A,@DPTR
   \   000006   3400         ADDC    A,#0x0
   \   000008   22           RET

   \                                 In  segment BANKED_CODE, align 1, keep-with-next
   \                     ?Subroutine9:
   \   000000   E0           MOVX    A,@DPTR
   \   000001   FA           MOV     R2,A
   \   000002   A3           INC     DPTR
   \   000003   E0           MOVX    A,@DPTR
   \   000004   FB           MOV     R3,A
   \   000005   22           RET

   \                                 In  segment BANKED_CODE, align 1, keep-with-next
   \                     ?Subroutine7:
   \   000000   E0           MOVX    A,@DPTR
   \   000001   2452         ADD     A,#0x52
   \   000003   F8           MOV     R0,A
   \   000004   A3           INC     DPTR
   \   000005   E0           MOVX    A,@DPTR
   \   000006   3400         ADDC    A,#0x0
   \   000008   F9           MOV     R1,A
   \   000009   8882         MOV     DPL,R0
   \   00000B   8983         MOV     DPH,R1
   \   00000D   E0           MOVX    A,@DPTR
   \   00000E   22           RET

   \                                 In  segment BANKED_CODE, align 1, keep-with-next
   \                     ?Subroutine12:
   \   000000   8882         MOV     DPL,R0
   \   000002   8983         MOV     DPH,R1
   \   000004   E0           MOVX    A,@DPTR
   \   000005   FC           MOV     R4,A
   \   000006   A3           INC     DPTR
   \   000007   E0           MOVX    A,@DPTR
   \   000008   FD           MOV     R5,A
   \   000009   E8           MOV     A,R0
   \   00000A   2402         ADD     A,#0x2
   \   00000C   FA           MOV     R2,A
   \   00000D   E9           MOV     A,R1
   \   00000E   3400         ADDC    A,#0x0
   \   000010   FB           MOV     R3,A
   \   000011   22           RET
    176           
    177          //从每一个有效数据帧中提取所需地理信息, 并且刷新geoInfoData对象, 同时将数据封装到一个包中用于发送
    178          // void fetchGPSInfo(void)
    179          // {
    180              // uint16 i = 0, j = 0;
    181              
    182              // uint8* ptr = (void*)&geoInfo;        //将整个结构体视为一个由字节构成的整体处理
    183              
    184              // while(i <= sizeof(geoInfo))
    185              // {
    186                  // if(geoBuf.send->data[j] == ',')
    187                  // {
    188                      // j++;
    189                      // continue;
    190                  // }
    191                  
    192                  // ptr[i++] = geoBuf.send->data[j++];
    193              // }
    194              
    195          // }
    196          /*********************************************************************
    197           * @fn      SampleApp_Init
    198           *
    199           * @brief   Initialization function for the Generic App Task.
    200           *          This is called during initialization and should contain
    201           *          any application specific initialization (ie. hardware
    202           *          initialization/setup, table initialization, power up
    203           *          notificaiton ... ).
    204           *
    205           * @param   task_id - the ID assigned by OSAL.  This ID should be
    206           *                    used to send messages and set timers.
    207           *
    208           * @return  none
    209           */

   \                                 In  segment BANKED_CODE, align 1, keep-with-next
    210          void SampleApp_Init( uint8 task_id )
   \                     SampleApp_Init:
    211          { 
   \   000000   74F7         MOV     A,#-0x9
   \   000002   12....       LCALL   ?BANKED_ENTER_XDATA
   \   000005                ; Saved register size: 9
   \   000005                ; Auto size: 0
   \   000005   E9           MOV     A,R1
    212              SampleApp_TaskID = task_id;
   \   000006   90....       MOV     DPTR,#SampleApp_TaskID
   \   000009   F0           MOVX    @DPTR,A
    213              SampleApp_NwkState = DEV_INIT;
   \   00000A   90....       MOV     DPTR,#SampleApp_NwkState
   \   00000D   7401         MOV     A,#0x1
   \   00000F   F0           MOVX    @DPTR,A
    214              SampleApp_TransID = 0;
   \   000010   90....       MOV     DPTR,#SampleApp_TransID
   \   000013   E4           CLR     A
   \   000014   F0           MOVX    @DPTR,A
    215            
    216              initUart(0, (void*)0);      //初始化与上位机相连的串口
   \   000015                ; Setup parameters for call to function initUart
   \   000015   FC           MOV     R4,A
   \   000016   FD           MOV     R5,A
   \   000017   FA           MOV     R2,A
   \   000018   FB           MOV     R3,A
   \   000019   12....       LCALL   ??initUart?relay
    217              initUart(1, recGPSData);    //初始化与GPS相连的串口
   \   00001C                ; Setup parameters for call to function initUart
   \   00001C   7C..         MOV     R4,#??recGPSData?relay & 0xff
   \   00001E   7D..         MOV     R5,#(??recGPSData?relay >> 8) & 0xff
   \   000020   7A01         MOV     R2,#0x1
   \   000022   7B00         MOV     R3,#0x0
   \   000024   12....       LCALL   ??initUart?relay
    218              initGeoBuf();
   \   000027                ; Setup parameters for call to function initGeoBuf
   \   000027   12....       LCALL   ??initGeoBuf?relay
    219          
    220              // 设置消息发送目标地址(广播模式)
    221              SampleApp_Periodic_DstAddr.addrMode = (afAddrMode_t)AddrBroadcast;
   \   00002A   90....       MOV     DPTR,#SampleApp_Periodic_DstAddr + 8
   \   00002D   740F         MOV     A,#0xf
   \   00002F   F0           MOVX    @DPTR,A
    222              SampleApp_Periodic_DstAddr.endPoint = SAMPLEAPP_ENDPOINT;
   \   000030   A3           INC     DPTR
   \   000031   7414         MOV     A,#0x14
   \   000033   F0           MOVX    @DPTR,A
    223              SampleApp_Periodic_DstAddr.addr.shortAddr = 0xFFFF;
   \   000034   90....       MOV     DPTR,#SampleApp_Periodic_DstAddr
   \   000037   74FF         MOV     A,#-0x1
   \   000039   F0           MOVX    @DPTR,A
   \   00003A   A3           INC     DPTR
   \   00003B   F0           MOVX    @DPTR,A
    224              
    225              // 填充端点描述符
    226              SampleApp_epDesc.endPoint = SAMPLEAPP_ENDPOINT;
   \   00003C   90....       MOV     DPTR,#SampleApp_epDesc
   \   00003F   7414         MOV     A,#0x14
   \   000041   F0           MOVX    @DPTR,A
    227              SampleApp_epDesc.task_id = &SampleApp_TaskID;
   \   000042   A3           INC     DPTR
   \   000043   74..         MOV     A,#SampleApp_TaskID & 0xff
   \   000045   F0           MOVX    @DPTR,A
   \   000046   A3           INC     DPTR
   \   000047   74..         MOV     A,#(SampleApp_TaskID >> 8) & 0xff
   \   000049   F0           MOVX    @DPTR,A
    228              SampleApp_epDesc.simpleDesc
    229                      = (SimpleDescriptionFormat_t *)&SampleApp_SimpleDesc;
   \   00004A   A3           INC     DPTR
   \   00004B   74..         MOV     A,#SampleApp_SimpleDesc & 0xff
   \   00004D   F0           MOVX    @DPTR,A
   \   00004E   A3           INC     DPTR
   \   00004F   74..         MOV     A,#(SampleApp_SimpleDesc >> 8) & 0xff
   \   000051   F0           MOVX    @DPTR,A
    230              SampleApp_epDesc.latencyReq = noLatencyReqs;
   \   000052   A3           INC     DPTR
   \   000053   E4           CLR     A
   \   000054   F0           MOVX    @DPTR,A
    231              
    232              // 向应用层注册端点
    233              afRegister( &SampleApp_epDesc );
   \   000055                ; Setup parameters for call to function afRegister
   \   000055   7A..         MOV     R2,#SampleApp_epDesc & 0xff
   \   000057   7B..         MOV     R3,#(SampleApp_epDesc >> 8) & 0xff
   \   000059   12....       LCALL   ??afRegister?relay
    234              
    235              // 表明这个APP处理所有事务
    236              RegisterForKeys( SampleApp_TaskID );
   \   00005C                ; Setup parameters for call to function RegisterForKeys
   \   00005C   90....       MOV     DPTR,#SampleApp_TaskID
   \   00005F   E0           MOVX    A,@DPTR
   \   000060   F9           MOV     R1,A
   \   000061   12....       LCALL   ??RegisterForKeys?relay
    237          }
   \   000064   7F01         MOV     R7,#0x1
   \   000066   02....       LJMP    ?BANKED_LEAVE_XDATA
    238          
    239          /*********************************************************************
    240           * @fn      SampleApp_ProcessEvent
    241           *
    242           * @brief   Generic Application Task event processor.  This function
    243           *          is called to process all events for the task.  Events
    244           *          include timers, messages and any other user defined events.
    245           *
    246           * @param   task_id  - The OSAL assigned task ID.
    247           * @param   events - events to process.  This is a bit map and can
    248           *                   contain more than one event.
    249           *
    250           * @return  none
    251           */

   \                                 In  segment BANKED_CODE, align 1, keep-with-next
    252          uint16 SampleApp_ProcessEvent( uint8 task_id, uint16 events )
   \                     SampleApp_ProcessEvent:
    253          {
   \   000000   74F4         MOV     A,#-0xc
   \   000002   12....       LCALL   ?BANKED_ENTER_XDATA
   \   000005                ; Saved register size: 12
   \   000005                ; Auto size: 0
   \   000005   EA           MOV     A,R2
   \   000006   FE           MOV     R6,A
   \   000007   EB           MOV     A,R3
   \   000008   FF           MOV     R7,A
    254              afIncomingMSGPacket_t *MSGpkt;
    255              (void)task_id;  // Intentionally unreferenced parameter
    256              
    257              if ( events & SYS_EVENT_MSG ) //检测对应位是否为1以判定是否为是相应事件, 其余位一般为零
   \   000009   5480         ANL     A,#0x80
   \   00000B   605C         JZ      ??SampleApp_ProcessEvent_0
    258              {
    259                  MSGpkt = (afIncomingMSGPacket_t *)osal_msg_receive( SampleApp_TaskID );
   \   00000D                ; Setup parameters for call to function osal_msg_receive
   \   00000D   8026         SJMP    ??SampleApp_ProcessEvent_1
    260                  
    261                  while ( MSGpkt )
    262                  {
    263                      switch ( MSGpkt->hdr.event )
    264                      {        
    265                          // Received when a messages is received (OTA) for this endpoint
    266                          case AF_INCOMING_MSG_CMD:
    267                              SampleApp_MessageMSGCB( MSGpkt );
    268                              break;
    269                      
    270                          // 网络状态改变触发此事件, 也就意味着只有当建网成功后才会开始间隔发送消息
    271                          case ZDO_STATE_CHANGE:
    272                              SampleApp_NwkState = (devStates_t)(MSGpkt->hdr.status);
   \                     ??SampleApp_ProcessEvent_2:
   \   00000F   A3           INC     DPTR
   \   000010   E0           MOVX    A,@DPTR
   \   000011   90....       MOV     DPTR,#SampleApp_NwkState
   \   000014   F0           MOVX    @DPTR,A
    273                              if ( //(SampleApp_NwkState == DEV_ZB_COORD) ||
    274                                  (SampleApp_NwkState == DEV_ROUTER)
    275                                  || (SampleApp_NwkState == DEV_END_DEVICE) )
   \   000015   6407         XRL     A,#0x7
   \   000017   6005         JZ      ??SampleApp_ProcessEvent_3
   \   000019   E0           MOVX    A,@DPTR
   \   00001A   6406         XRL     A,#0x6
   \   00001C   7010         JNZ     ??SampleApp_ProcessEvent_4
    276                              {
    277                              // 从现在开始计时, 到规定时间即向指定任务发送时间标志, 只执行一次
    278                              osal_start_timerEx( SampleApp_TaskID,
    279                                                  SAMPLEAPP_SEND_PERIODIC_MSG_EVT,
    280                                                  SAMPLEAPP_SEND_PERIODIC_MSG_TIMEOUT );
   \                     ??SampleApp_ProcessEvent_3:
   \   00001E                ; Setup parameters for call to function osal_start_timerEx
   \   00001E   7CE8         MOV     R4,#-0x18
   \   000020   7D03         MOV     R5,#0x3
   \   000022   7A01         MOV     R2,#0x1
   \   000024   7B00         MOV     R3,#0x0
   \   000026   90....       MOV     DPTR,#SampleApp_TaskID
   \   000029   E0           MOVX    A,@DPTR
   \   00002A   F9           MOV     R1,A
   \   00002B   12....       LCALL   ??osal_start_timerEx?relay
    281                              }
    282                              else
    283                              {
    284                              // Device is no longer in the network
    285                              }
    286                              break;
    287                      
    288                          default:
    289                              break;
    290                      }
    291                  
    292                      // 释放空间
    293                      osal_msg_deallocate( (uint8 *)MSGpkt );
   \                     ??SampleApp_ProcessEvent_4:
   \   00002E                ; Setup parameters for call to function osal_msg_deallocate
   \   00002E   AA..         MOV     R2,?V0 + 0
   \   000030   AB..         MOV     R3,?V0 + 1
   \   000032   12....       LCALL   ??osal_msg_deallocate?relay
    294                  
    295                      // 如果缓冲区还有剩余的事件则继续处理
    296                      MSGpkt = (afIncomingMSGPacket_t *)osal_msg_receive( SampleApp_TaskID );
   \   000035                ; Setup parameters for call to function osal_msg_receive
   \                     ??SampleApp_ProcessEvent_1:
   \   000035   90....       MOV     DPTR,#SampleApp_TaskID
   \   000038   E0           MOVX    A,@DPTR
   \   000039   F9           MOV     R1,A
   \   00003A   12....       LCALL   ??osal_msg_receive?relay
   \   00003D   8A..         MOV     ?V0 + 0,R2
   \   00003F   8B..         MOV     ?V0 + 1,R3
   \   000041   E5..         MOV     A,?V0 + 0
   \   000043   45..         ORL     A,?V0 + 1
   \   000045   601A         JZ      ??SampleApp_ProcessEvent_5
   \   000047   85..82       MOV     DPL,?V0 + 0
   \   00004A   85..83       MOV     DPH,?V0 + 1
   \   00004D   E0           MOVX    A,@DPTR
   \   00004E   24E6         ADD     A,#-0x1a
   \   000050   6006         JZ      ??SampleApp_ProcessEvent_6
   \   000052   2449         ADD     A,#0x49
   \   000054   60B9         JZ      ??SampleApp_ProcessEvent_2
   \   000056   80D6         SJMP    ??SampleApp_ProcessEvent_4
   \                     ??SampleApp_ProcessEvent_6:
   \   000058                ; Setup parameters for call to function SampleApp_MessageMSGCB
   \   000058   AA..         MOV     R2,?V0 + 0
   \   00005A   AB..         MOV     R3,?V0 + 1
   \   00005C   12....       LCALL   ??SampleApp_MessageMSGCB?relay
   \   00005F   80CD         SJMP    ??SampleApp_ProcessEvent_4
    297                  }
    298                  
    299                  // 返回未处理的事件
    300                  return (events ^ SYS_EVENT_MSG);
   \                     ??SampleApp_ProcessEvent_5:
   \   000061   EE           MOV     A,R6
   \   000062   FA           MOV     R2,A
   \   000063   EF           MOV     A,R7
   \   000064   6480         XRL     A,#0x80
   \                     ??SampleApp_ProcessEvent_7:
   \   000066   FB           MOV     R3,A
   \   000067   806C         SJMP    ??SampleApp_ProcessEvent_8
    301              }
    302              
    303              // 设置发送消息的时间间隔, 由计时器触发
    304              if ( events & SAMPLEAPP_SEND_PERIODIC_MSG_EVT )
   \                     ??SampleApp_ProcessEvent_0:
   \   000069   EE           MOV     A,R6
   \   00006A   A2E0         MOV     C,0xE0 /* A   */.0
   \   00006C   5063         JNC     ??SampleApp_ProcessEvent_9
    305              {
    306           
    307                  //限制只有至少存在两个有效数据帧时再处理, 防止数据提取速率超过接收速率, 破坏链表结构
    308                  if(geoBuf.num >= 2)  
   \   00006E   90....       MOV     DPTR,#geoBuf
   \   000071   C3           CLR     C
   \   000072   E0           MOVX    A,@DPTR
   \   000073   9402         SUBB    A,#0x2
   \   000075   A3           INC     DPTR
   \   000076   E0           MOVX    A,@DPTR
   \   000077   9400         SUBB    A,#0x0
   \   000079   403F         JC      ??CrossCallReturnLabel_28
    309                  {
    310          
    311                      //fetchGPSInfo();
    312                      
    313                      HalUARTWrite(0, "LocalHost : ", sizeof("LocalHost : ")-1); //发送自机数据
   \   00007B                ; Setup parameters for call to function HalUARTWrite
   \   00007B   7C0C         MOV     R4,#0xc
   \   00007D   7D00         MOV     R5,#0x0
   \   00007F   7A..         MOV     R2,#`?<Constant "LocalHost : ">` & 0xff
   \   000081   7B..         MOV     R3,#(`?<Constant "LocalHost : ">` >> 8) & 0xff
   \   000083   12....       LCALL   ?Subroutine3 & 0xFFFF
    314                      HalUARTWrite(0, geoBuf.send->data, geoBuf.send->len); //发送自机数据
   \                     ??CrossCallReturnLabel_2:
   \   000086   12....       LCALL   ?Subroutine3 & 0xFFFF
    315                      
    316                      SampleApp_SendPeriodicMessage(geoBuf.send->data, geoBuf.send->len);
   \                     ??CrossCallReturnLabel_3:
   \   000089   12....       LCALL   ??SampleApp_SendPeriodicMessage?relay
    317          
    318                      geoBuf.num--;
   \   00008C   90....       MOV     DPTR,#geoBuf
   \   00008F   E0           MOVX    A,@DPTR
   \   000090   24FF         ADD     A,#-0x1
   \   000092   F0           MOVX    @DPTR,A
   \   000093   A3           INC     DPTR
   \   000094   E0           MOVX    A,@DPTR
   \   000095   34FF         ADDC    A,#-0x1
   \   000097   F0           MOVX    @DPTR,A
    319                      
    320                      geoBuf.send = geoBuf.send->next;
   \   000098   90....       MOV     DPTR,#geoBuf + 4
   \   00009B   12....       LCALL   ?Subroutine7 & 0xFFFF
   \                     ??CrossCallReturnLabel_9:
   \   00009E   F8           MOV     R0,A
   \   00009F   A3           INC     DPTR
   \   0000A0   E0           MOVX    A,@DPTR
   \   0000A1   F9           MOV     R1,A
   \   0000A2   12....       LCALL   ?Subroutine5 & 0xFFFF
    321                      
    322                      osal_mem_free(geoBuf.head);
   \                     ??CrossCallReturnLabel_30:
   \   0000A5                ; Setup parameters for call to function osal_mem_free
   \   0000A5   90....       MOV     DPTR,#geoBuf + 2
   \   0000A8   12....       LCALL   ?Subroutine9 & 0xFFFF
   \                     ??CrossCallReturnLabel_17:
   \   0000AB   12....       LCALL   ??osal_mem_free?relay
    323                      geoBuf.head = geoBuf.send;   
   \   0000AE   90....       MOV     DPTR,#geoBuf + 4
   \   0000B1   12....       LCALL   ?Subroutine8 & 0xFFFF
    324                  }
   \                     ??CrossCallReturnLabel_14:
   \   0000B4   90....       MOV     DPTR,#geoBuf + 2
   \   0000B7   12....       LCALL   ??Subroutine13_0 & 0xFFFF
    325                  
    326                  // 设置事件触发的时间间隔
    327                  osal_start_timerEx( SampleApp_TaskID, SAMPLEAPP_SEND_PERIODIC_MSG_EVT,
    328                      SAMPLEAPP_SEND_PERIODIC_MSG_TIMEOUT);
   \                     ??CrossCallReturnLabel_28:
   \   0000BA                ; Setup parameters for call to function osal_start_timerEx
   \   0000BA   7CE8         MOV     R4,#-0x18
   \   0000BC   7D03         MOV     R5,#0x3
   \   0000BE   7A01         MOV     R2,#0x1
   \   0000C0   7B00         MOV     R3,#0x0
   \   0000C2   90....       MOV     DPTR,#SampleApp_TaskID
   \   0000C5   E0           MOVX    A,@DPTR
   \   0000C6   F9           MOV     R1,A
   \   0000C7   12....       LCALL   ??osal_start_timerEx?relay
    329                  
    330                  // 返回未处理的事件
    331                  return (events ^ SAMPLEAPP_SEND_PERIODIC_MSG_EVT);
   \   0000CA   EE           MOV     A,R6
   \   0000CB   6401         XRL     A,#0x1
   \   0000CD   FA           MOV     R2,A
   \   0000CE   EF           MOV     A,R7
   \   0000CF   8095         SJMP    ??SampleApp_ProcessEvent_7
    332              }
    333              
    334              //丢弃无用事件
    335              return 0;
   \                     ??SampleApp_ProcessEvent_9:
   \   0000D1   7A00         MOV     R2,#0x0
   \   0000D3   7B00         MOV     R3,#0x0
   \                     ??SampleApp_ProcessEvent_8:
   \   0000D5   7F04         MOV     R7,#0x4
   \   0000D7   02....       LJMP    ?BANKED_LEAVE_XDATA
    336          }

   \                                 In  segment BANKED_CODE, align 1, keep-with-next
   \                     ?Subroutine3:
   \   000000   7900         MOV     R1,#0x0
   \   000002   12....       LCALL   ??HalUARTWrite?relay
   \   000005   90....       MOV     DPTR,#geoBuf + 4
   \   000008   E0           MOVX    A,@DPTR
   \   000009   F8           MOV     R0,A
   \   00000A   A3           INC     DPTR
   \   00000B   E0           MOVX    A,@DPTR
   \   00000C   F9           MOV     R1,A
   \   00000D                ; Setup parameters for call to function HalUARTWrite
   \   00000D                ; Setup parameters for call to function SampleApp_SendPeriodicMessage
   \   00000D   12....       LCALL   ?Subroutine12 & 0xFFFF
   \                     ??CrossCallReturnLabel_24:
   \   000010   22           RET
    337          
    338          /*********************************************************************
    339           * Event Generation Functions
    340           */
    341          
    342          
    343          /*********************************************************************
    344           * LOCAL FUNCTIONS
    345           */
    346          
    347          /*********************************************************************
    348           * @fn      SampleApp_MessageMSGCB
    349           *
    350           * @brief   处理别的结点发来的数据
    351           *          
    352           * @param   none
    353           *
    354           * @return  none
    355           */

   \                                 In  segment BANKED_CODE, align 1, keep-with-next
    356          void SampleApp_MessageMSGCB( afIncomingMSGPacket_t *pkt )
   \                     SampleApp_MessageMSGCB:
    357          {
   \   000000   74F6         MOV     A,#-0xa
   \   000002   12....       LCALL   ?BANKED_ENTER_XDATA
   \   000005                ; Saved register size: 10
   \   000005                ; Auto size: 20
   \   000005   74EC         MOV     A,#-0x14
   \   000007   12....       LCALL   ?ALLOC_XSTACK8
   \   00000A   EA           MOV     A,R2
   \   00000B   FE           MOV     R6,A
   \   00000C   EB           MOV     A,R3
   \   00000D   FF           MOV     R7,A
    358            uint8 num[20];
    359            switch ( pkt->clusterId )
   \   00000E   8E82         MOV     DPL,R6
   \   000010   8F83         MOV     DPH,R7
   \   000012   A3           INC     DPTR
   \   000013   A3           INC     DPTR
   \   000014   A3           INC     DPTR
   \   000015   A3           INC     DPTR
   \   000016   E0           MOVX    A,@DPTR
   \   000017   6401         XRL     A,#0x1
   \   000019   7002         JNZ     ??SampleApp_MessageMSGCB_0
   \   00001B   A3           INC     DPTR
   \   00001C   E0           MOVX    A,@DPTR
   \                     ??SampleApp_MessageMSGCB_0:
   \   00001D   6003         JZ      $+5
   \   00001F   02....       LJMP    ??SampleApp_MessageMSGCB_1 & 0xFFFF
    360            {
    361                  case SAMPLEAPP_PERIODIC_CLUSTERID:
    362                  //输出结点所属网络PAN ID, 一个结点可以同时处在多个网络中, 用PAN ID进行区分
    363                  _ltoa(pkt->srcAddr.panId, num, 16);
   \   000022                ; Setup parameters for call to function _ltoa
   \   000022   85..82       MOV     DPL,?XSP + 0
   \   000025   85..83       MOV     DPH,?XSP + 1
   \   000028   8582..       MOV     ?V0 + 0,DPL
   \   00002B   8583..       MOV     ?V0 + 1,DPH
   \   00002E   78..         MOV     R0,#?V0 + 0
   \   000030   12....       LCALL   ?PUSH_XSTACK_I_TWO
   \   000033   7910         MOV     R1,#0x10
   \   000035   EE           MOV     A,R6
   \   000036   2410         ADD     A,#0x10
   \   000038   F582         MOV     DPL,A
   \   00003A   EF           MOV     A,R7
   \   00003B   3400         ADDC    A,#0x0
   \   00003D   F583         MOV     DPH,A
   \   00003F   12....       LCALL   ?Subroutine6 & 0xFFFF
   \                     ??CrossCallReturnLabel_6:
   \   000042   12....       LCALL   ?DEALLOC_XSTACK8
    364                  HalUARTWrite(0, "0x", 2);        
   \   000045                ; Setup parameters for call to function HalUARTWrite
   \   000045   7C02         MOV     R4,#0x2
   \   000047   7D00         MOV     R5,#0x0
   \   000049   7A..         MOV     R2,#`?<Constant "0x">` & 0xff
   \   00004B   7B..         MOV     R3,#(`?<Constant "0x">` >> 8) & 0xff
   \   00004D   12....       LCALL   ?Subroutine2 & 0xFFFF
    365                  HalUARTWrite(0, num, osal_strlen(num));
                                                          ^
Warning[Pe167]: argument of type "unsigned char *" is incompatible with
          parameter of type "char *"
    366                  
    367                  //输出网络短地址, 相当于IP地址
    368                  osal_memset(num, 0, sizeof num);        //初始化缓冲存储空间
   \                     ??CrossCallReturnLabel_0:
   \   000050                ; Setup parameters for call to function osal_memset
   \   000050   7C14         MOV     R4,#0x14
   \   000052   7D00         MOV     R5,#0x0
   \   000054   7900         MOV     R1,#0x0
   \   000056   85..82       MOV     DPL,?XSP + 0
   \   000059   85..83       MOV     DPH,?XSP + 1
   \   00005C   AA82         MOV     R2,DPL
   \   00005E   AB83         MOV     R3,DPH
   \   000060   12....       LCALL   ??osal_memset?relay
    369                  _ltoa((uint16)(pkt->srcAddr.addr.shortAddr), num, 16);   //数字转字符串
   \   000063                ; Setup parameters for call to function _ltoa
   \   000063   85..82       MOV     DPL,?XSP + 0
   \   000066   8582..       MOV     ?V0 + 0,DPL
   \   000069   78..         MOV     R0,#?V0 + 0
   \   00006B   12....       LCALL   ?PUSH_XSTACK_I_TWO
   \   00006E   7910         MOV     R1,#0x10
   \   000070   8E82         MOV     DPL,R6
   \   000072   8F83         MOV     DPH,R7
   \   000074   A3           INC     DPTR
   \   000075   A3           INC     DPTR
   \   000076   A3           INC     DPTR
   \   000077   A3           INC     DPTR
   \   000078   A3           INC     DPTR
   \   000079   A3           INC     DPTR
   \   00007A   12....       LCALL   ?Subroutine6 & 0xFFFF
   \                     ??CrossCallReturnLabel_7:
   \   00007D   12....       LCALL   ?DEALLOC_XSTACK8
    370                  HalUARTWrite(0, "->0x", 4);  
   \   000080                ; Setup parameters for call to function HalUARTWrite
   \   000080   7C04         MOV     R4,#0x4
   \   000082   7D00         MOV     R5,#0x0
   \   000084   7A..         MOV     R2,#`?<Constant "->0x">` & 0xff
   \   000086   7B..         MOV     R3,#(`?<Constant "->0x">` >> 8) & 0xff
   \   000088   12....       LCALL   ?Subroutine2 & 0xFFFF
    371                  HalUARTWrite(0, num, osal_strlen(num));                 //提示信息(消息来源端点号)
                                                          ^
Warning[Pe167]: argument of type "unsigned char *" is incompatible with
          parameter of type "char *"
    372                  HalUARTWrite(0, " : ", 3);                              //提示信息
   \                     ??CrossCallReturnLabel_1:
   \   00008B                ; Setup parameters for call to function HalUARTWrite
   \   00008B   7C03         MOV     R4,#0x3
   \   00008D   7D00         MOV     R5,#0x0
   \   00008F   7A..         MOV     R2,#`?<Constant " : ">` & 0xff
   \   000091   7B..         MOV     R3,#(`?<Constant " : ">` >> 8) & 0xff
   \   000093   7900         MOV     R1,#0x0
   \   000095   12....       LCALL   ??HalUARTWrite?relay
    373                  
    374                  // if(pkt->cmd.DataLength == sizeof(geoInfo))
    375                  // {
    376                      // uint16 i = 0;
    377                      // for(; i < 5; i++)
    378                      // {
    379                          // HalUARTWrite(0, "\n   ", 4);  
    380                          // HalUARTWrite(0, GeoInfoName[i], osal_strlen(GeoInfoName[i]));
    381                          // HalUARTWrite(0, pkt->cmd.Data + geoInfoLen[i], geoInfoLen[i+1] - geoInfoLen[i]);    //输出接收到的数据
    382                      // }
    383                      
    384                      // HalUARTWrite(0, "\n", 1);                               //回车换行
    385                  // }
    386                  // else
    387                  {
    388                      HalUARTWrite(0, pkt->cmd.Data, pkt->cmd.DataLength);    //输出接收到的数据
   \   000098                ; Setup parameters for call to function HalUARTWrite
   \   000098   EE           MOV     A,R6
   \   000099   241F         ADD     A,#0x1f
   \   00009B   F582         MOV     DPL,A
   \   00009D   EF           MOV     A,R7
   \   00009E   3400         ADDC    A,#0x0
   \   0000A0   F583         MOV     DPH,A
   \   0000A2   E0           MOVX    A,@DPTR
   \   0000A3   FC           MOV     R4,A
   \   0000A4   A3           INC     DPTR
   \   0000A5   E0           MOVX    A,@DPTR
   \   0000A6   FD           MOV     R5,A
   \   0000A7   EE           MOV     A,R6
   \   0000A8   2421         ADD     A,#0x21
   \   0000AA   F582         MOV     DPL,A
   \   0000AC   EF           MOV     A,R7
   \   0000AD   3400         ADDC    A,#0x0
   \   0000AF   F583         MOV     DPH,A
   \   0000B1   12....       LCALL   ?Subroutine9 & 0xFFFF
    389                  }
   \                     ??CrossCallReturnLabel_18:
   \   0000B4   7900         MOV     R1,#0x0
   \   0000B6   12....       LCALL   ??HalUARTWrite?relay
    390                  
    391                  break;
    392          
    393            }
    394          }
   \                     ??SampleApp_MessageMSGCB_1:
   \   0000B9   7414         MOV     A,#0x14
   \   0000BB   02....       LJMP    ?Subroutine1 & 0xFFFF

   \                                 In  segment BANKED_CODE, align 1, keep-with-next
   \                     ?Subroutine6:
   \   000000   E0           MOVX    A,@DPTR
   \   000001   F5..         MOV     ?V0 + 0,A
   \   000003   A3           INC     DPTR
   \   000004   E0           MOVX    A,@DPTR
   \   000005   AA..         MOV     R2,?V0 + 0
   \   000007   FB           MOV     R3,A
   \   000008   E4           CLR     A
   \   000009   FC           MOV     R4,A
   \   00000A   FD           MOV     R5,A
   \   00000B   12....       LCALL   ??_ltoa?relay
   \   00000E   7402         MOV     A,#0x2
   \   000010   22           RET

   \                                 In  segment BANKED_CODE, align 1, keep-with-next
   \                     ?Subroutine2:
   \   000000   7900         MOV     R1,#0x0
   \   000002   12....       LCALL   ??HalUARTWrite?relay
   \   000005                ; Setup parameters for call to function HalUARTWrite
   \   000005                ; Setup parameters for call to function osal_strlen
   \   000005                ; Setup parameters for call to function HalUARTWrite
   \   000005                ; Setup parameters for call to function osal_strlen
   \   000005   85..82       MOV     DPL,?XSP + 0
   \   000008   85..83       MOV     DPH,?XSP + 1
   \   00000B   AA82         MOV     R2,DPL
   \   00000D   AB83         MOV     R3,DPH
   \   00000F   12....       LCALL   ??osal_strlen?relay
   \   000012   EA           MOV     A,R2
   \   000013   FC           MOV     R4,A
   \   000014   EB           MOV     A,R3
   \   000015   FD           MOV     R5,A
   \   000016   85..82       MOV     DPL,?XSP + 0
   \   000019   85..83       MOV     DPH,?XSP + 1
   \   00001C   AA82         MOV     R2,DPL
   \   00001E   AB83         MOV     R3,DPH
   \   000020   7900         MOV     R1,#0x0
   \   000022   12....       LCALL   ??HalUARTWrite?relay
   \   000025   22           RET
    395          
    396          /*********************************************************************
    397           * @fn      SampleApp_SendPeriodicMessage
    398           *
    399           * @brief   定时广播自身结点数据
    400           *
    401           * @param   none
    402           *
    403           * @return  none
    404           */

   \                                 In  segment BANKED_CODE, align 1, keep-with-next
    405          void SampleApp_SendPeriodicMessage(uint8 *data, uint16 len)
   \                     SampleApp_SendPeriodicMessage:
    406          {
   \   000000   74F6         MOV     A,#-0xa
   \   000002   12....       LCALL   ?BANKED_ENTER_XDATA
   \   000005                ; Saved register size: 10
   \   000005                ; Auto size: 0
    407            if ( AF_DataRequest( &SampleApp_Periodic_DstAddr, &SampleApp_epDesc,
    408                                 SAMPLEAPP_PERIODIC_CLUSTERID,
    409                                 len,
    410                                 data,
    411                                 &SampleApp_TransID,
    412                                 AF_DISCV_ROUTE,
    413                                 AF_DEFAULT_RADIUS ) == afStatus_SUCCESS )
   \   000005                ; Setup parameters for call to function AF_DataRequest
   \   000005   75..1E       MOV     ?V0 + 0,#0x1e
   \   000008   78..         MOV     R0,#?V0 + 0
   \   00000A   12....       LCALL   ?PUSH_XSTACK_I_ONE
   \   00000D   75....       MOV     ?V0 + 0,#SampleApp_TransID & 0xff
   \   000010   75....       MOV     ?V0 + 1,#(SampleApp_TransID >> 8) & 0xff
   \   000013   78..         MOV     R0,#?V0 + 0
   \   000015   12....       LCALL   ?PUSH_XSTACK_I_TWO
   \   000018   8A..         MOV     ?V0 + 0,R2
   \   00001A   8B..         MOV     ?V0 + 1,R3
   \   00001C   78..         MOV     R0,#?V0 + 0
   \   00001E   12....       LCALL   ?PUSH_XSTACK_I_TWO
   \   000021   8C..         MOV     ?V0 + 0,R4
   \   000023   8D..         MOV     ?V0 + 1,R5
   \   000025   78..         MOV     R0,#?V0 + 0
   \   000027   12....       LCALL   ?PUSH_XSTACK_I_TWO
   \   00002A   75..01       MOV     ?V0 + 0,#0x1
   \   00002D   75..00       MOV     ?V0 + 1,#0x0
   \   000030   78..         MOV     R0,#?V0 + 0
   \   000032   12....       LCALL   ?PUSH_XSTACK_I_TWO
   \   000035   7920         MOV     R1,#0x20
   \   000037   7C..         MOV     R4,#SampleApp_epDesc & 0xff
   \   000039   7D..         MOV     R5,#(SampleApp_epDesc >> 8) & 0xff
   \   00003B   7A..         MOV     R2,#SampleApp_Periodic_DstAddr & 0xff
   \   00003D   7B..         MOV     R3,#(SampleApp_Periodic_DstAddr >> 8) & 0xff
   \   00003F   12....       LCALL   ??AF_DataRequest?relay
   \   000042   7409         MOV     A,#0x9
   \   000044   02....       LJMP    ?Subroutine1 & 0xFFFF
    414            {
    415            }
    416            else
    417            {
    418              // Error occurred in request to send.
    419            }
    420          }

   \                                 In  segment XDATA_ID, align 1, keep-with-next
   \                     `?<Initializer for GeoInfoName>`:
   \   000000   ....         DW `?<Constant "time=">`
   \   000002   ....         DW `?<Constant "latitude=">`
   \   000004   ....         DW `?<Constant "la_dir=">`
   \   000006   ....         DW `?<Constant "longitude=">`
   \   000008   ....         DW `?<Constant "lo_dir=">`
   \   00000A   ....         DW `?<Constant "qualityFactor=">`
   \   00000C   ....         DW `?<Constant "satelliteNum=">`

   \                                 In  segment BANK_RELAYS, align 1
   \                     ??initUart?relay:
   \   000000   12....       LCALL   ?BDISPATCH
   \   000003   ......       DC24    initUart

   \                                 In  segment BANK_RELAYS, align 1
   \                     ??initGeoBuf?relay:
   \   000000   12....       LCALL   ?BDISPATCH
   \   000003   ......       DC24    initGeoBuf

   \                                 In  segment BANK_RELAYS, align 1
   \                     ??recGPSData?relay:
   \   000000   12....       LCALL   ?BDISPATCH
   \   000003   ......       DC24    recGPSData

   \                                 In  segment BANK_RELAYS, align 1
   \                     ??SampleApp_Init?relay:
   \   000000   12....       LCALL   ?BDISPATCH
   \   000003   ......       DC24    SampleApp_Init

   \                                 In  segment BANK_RELAYS, align 1
   \                     ??SampleApp_ProcessEvent?relay:
   \   000000   12....       LCALL   ?BDISPATCH
   \   000003   ......       DC24    SampleApp_ProcessEvent

   \                                 In  segment BANK_RELAYS, align 1
   \                     ??SampleApp_MessageMSGCB?relay:
   \   000000   12....       LCALL   ?BDISPATCH
   \   000003   ......       DC24    SampleApp_MessageMSGCB

   \                                 In  segment BANK_RELAYS, align 1
   \                     ??SampleApp_SendPeriodicMessage?relay:
   \   000000   12....       LCALL   ?BDISPATCH
   \   000003   ......       DC24    SampleApp_SendPeriodicMessage

   \                                 In  segment XDATA_ROM_C, align 1
   \                     `?<Constant "time=">`:
   \   000000   74696D65     DB "time="
   \            3D00    

   \                                 In  segment XDATA_ROM_C, align 1
   \                     `?<Constant "latitude=">`:
   \   000000   6C617469     DB "latitude="
   \            74756465
   \            3D00    

   \                                 In  segment XDATA_ROM_C, align 1
   \                     `?<Constant "la_dir=">`:
   \   000000   6C615F64     DB "la_dir="
   \            69723D00

   \                                 In  segment XDATA_ROM_C, align 1
   \                     `?<Constant "longitude=">`:
   \   000000   6C6F6E67     DB "longitude="
   \            69747564
   \            653D00  

   \                                 In  segment XDATA_ROM_C, align 1
   \                     `?<Constant "lo_dir=">`:
   \   000000   6C6F5F64     DB "lo_dir="
   \            69723D00

   \                                 In  segment XDATA_ROM_C, align 1
   \                     `?<Constant "qualityFactor=">`:
   \   000000   7175616C     DB "qualityFactor="
   \            69747946
   \            6163746F
   \            723D00  

   \                                 In  segment XDATA_ROM_C, align 1
   \                     `?<Constant "satelliteNum=">`:
   \   000000   73617465     DB "satelliteNum="
   \            6C6C6974
   \            654E756D
   \            3D00    

   \                                 In  segment XDATA_ROM_C, align 1
   \                     `?<Constant "Link Start!\\n">`:
   \   000000   4C696E6B     DB "Link Start!\012"
   \            20537461
   \            7274210A
   \            00      

   \                                 In  segment XDATA_ROM_C, align 1
   \                     `?<Constant "$GPGGA">`:
   \   000000   24475047     DB "$GPGGA"
   \            474100  

   \                                 In  segment XDATA_ROM_C, align 1
   \                     `?<Constant "LocalHost : ">`:
   \   000000   4C6F6361     DB "LocalHost : "
   \            6C486F73
   \            74203A20
   \            00      

   \                                 In  segment XDATA_ROM_C, align 1
   \                     `?<Constant "0x">`:
   \   000000   307800       DB "0x"

   \                                 In  segment XDATA_ROM_C, align 1
   \                     `?<Constant "->0x">`:
   \   000000   2D3E3078     DB "->0x"
   \            00      

   \                                 In  segment XDATA_ROM_C, align 1
   \                     `?<Constant " : ">`:
   \   000000   203A2000     DB " : "
    421          
    422          /*********************************************************************
    423          *********************************************************************/

   Maximum stack usage in bytes:

     Function                       ISTACK PSTACK XSTACK
     --------                       ------ ------ ------
     SampleApp_Init                     0      0      9
       -> initUart                      0      0     18
       -> initUart                      0      0     18
       -> initGeoBuf                    0      0     18
       -> afRegister                    0      0     18
       -> RegisterForKeys               0      0     18
     SampleApp_MessageMSGCB             0      0     44
       -> _ltoa                         0      0     64
       -> HalUARTWrite                  0      0     60
       -> osal_strlen                   0      0     60
       -> HalUARTWrite                  0      0     60
       -> osal_memset                   0      0     60
       -> _ltoa                         0      0     64
       -> HalUARTWrite                  0      0     60
       -> osal_strlen                   0      0     60
       -> HalUARTWrite                  0      0     60
       -> HalUARTWrite                  0      0     60
       -> HalUARTWrite                  0      0     60
     SampleApp_ProcessEvent             0      0     12
       -> osal_msg_receive              0      0     24
       -> osal_start_timerEx            0      0     24
       -> osal_msg_deallocate           0      0     24
       -> osal_msg_receive              0      0     24
       -> SampleApp_MessageMSGCB        0      0     24
       -> HalUARTWrite                  0      0     24
       -> HalUARTWrite                  0      0     24
       -> SampleApp_SendPeriodicMessage
                                        0      0     24
       -> osal_mem_free                 0      0     24
       -> osal_start_timerEx            0      0     24
     SampleApp_SendPeriodicMessage      0      0     31
       -> AF_DataRequest                0      0     38
     initGeoBuf                         2      0      9
       -> osal_mem_alloc                4      0      0
       -> osal_memset                   4      0      0
     initUart                           2      0     38
       -> HalUARTOpen                   4      0     58
       -> HalUARTWrite                  4      0     58
     recGPSData                         1      0     11
       -> Hal_UART_RxBufLen             0      0     22
       -> HalUARTRead                   0      0     22
       -> osal_mem_alloc                0      0     22
       -> osal_memset                   0      0     22
       -> SampleApp_SendPeriodicMessage
                                        0      0     22


   Segment part sizes:

     Function/Label                        Bytes
     --------------                        -----
     GeoInfoName                             14
     geoInfoLen                              16
     SampleApp_ClusterList                    2
     SampleApp_SimpleDesc                    12
     SampleApp_epDesc                         6
     SampleApp_TaskID                         1
     SampleApp_NwkState                       1
     SampleApp_TransID                        1
     SampleApp_Periodic_DstAddr              12
     SampleAppPeriodicCounter                 1
     geoBuf                                  14
     geoInfo                                 35
     initUart                               113
     ?Subroutine0                             7
     initGeoBuf                              48
     ?Subroutine8                             6
     ?Subroutine4                            15
     ?Subroutine5                             3
     ??Subroutine13_0                         6
     recGPSData                             280
     ?Subroutine1                             8
     ?Subroutine11                           12
     ?Subroutine10                            9
     ?Subroutine9                             6
     ?Subroutine7                            15
     ?Subroutine12                           18
     SampleApp_Init                         105
     SampleApp_ProcessEvent                 218
     ?Subroutine3                            17
     SampleApp_MessageMSGCB                 190
     ?Subroutine6                            17
     ?Subroutine2                            38
     SampleApp_SendPeriodicMessage           71
     ?<Initializer for GeoInfoName>          14
     ??initUart?relay                         6
     ??initGeoBuf?relay                       6
     ??recGPSData?relay                       6
     ??SampleApp_Init?relay                   6
     ??SampleApp_ProcessEvent?relay           6
     ??SampleApp_MessageMSGCB?relay           6
     ??SampleApp_SendPeriodicMessage?relay    6
     ?<Constant "time=">                      6
     ?<Constant "latitude=">                 10
     ?<Constant "la_dir=">                    8
     ?<Constant "longitude=">                11
     ?<Constant "lo_dir=">                    8
     ?<Constant "qualityFactor=">            15
     ?<Constant "satelliteNum=">             14
     ?<Constant "Link Start!\n">             13
     ?<Constant "$GPGGA">                     7
     ?<Constant "LocalHost : ">              13
     ?<Constant "0x">                         3
     ?<Constant "->0x">                       5
     ?<Constant " : ">                        4

 
 1 202 bytes in segment BANKED_CODE
    42 bytes in segment BANK_RELAYS
    14 bytes in segment XDATA_I
    14 bytes in segment XDATA_ID
   147 bytes in segment XDATA_ROM_C
    71 bytes in segment XDATA_Z
 
 1 258 bytes of CODE  memory
   147 bytes of CONST memory
    85 bytes of XDATA memory

Errors: none
Warnings: 2
